
=== Mon Feb  7 14:15:09 2022

Packages were changed.
Update Mode: mergeDefaultDependencies

The following packages were updated:
  com.unity.collab-proxy from version 1.15.4 to 1.15.7
  com.unity.render-pipelines.universal from version 10.7.0 to 10.8.1
  com.unity.xr.oculus from version 1.11.0 to 1.11.2

=== Thu Feb 17 12:53:43 2022

Packages were changed.
Update Mode: mergeDefaultDependencies

The following packages were added:
  com.unity.visualeffectgraph@10.6.0

=== Thu Feb 17 14:46:10 2022

Packages were changed.
Update Mode: updateDependencies

The following packages were updated:
  com.unity.visualeffectgraph from version 10.6.0 to 10.8.1

=== Fri Dec 27 16:52:18 2024

Packages were changed.
Update Mode: updateDependencies

The following packages were updated:
  com.unity.collab-proxy from version 1.15.16 to 1.17.6
  com.unity.ide.rider from version 2.0.7 to 3.0.15
  com.unity.ide.visualstudio from version 2.0.14 to 2.0.16
  com.unity.learn.iet-framework from version 1.2.3 to 2.2.2
  com.unity.render-pipelines.universal from version 10.8.1 to 12.1.7
  com.unity.terrain-tools from version 3.0.2-preview.3 to 4.0.3
  com.unity.timeline from version 1.4.8 to 1.6.4
  com.unity.visualeffectgraph from version 10.8.1 to 12.1.7
  com.unity.xr.interaction.toolkit from version 2.0.0-pre.6 to 2.0.2
  com.unity.xr.oculus from version 1.12.0 to 3.2.1
  com.unity.xr.openxr from version 1.3.1 to 1.5.3
The following packages were removed:
  com.unity.xr.windowsmr@4.6.2

=== Thu Dec 18 15:53:55 2025

Packages were changed.
Update Mode: updateDependencies

The following packages were updated:
  com.unity.collab-proxy from version 1.17.6 to 2.5.2
  com.unity.ide.rider from version 3.0.15 to 3.0.31
  com.unity.ide.visualstudio from version 2.0.16 to 2.0.22
  com.unity.learn.iet-framework from version 2.2.2 to 3.1.1
  com.unity.render-pipelines.universal from version 12.1.7 to 12.1.15
  com.unity.terrain-tools from version 4.0.3 to 4.0.5
  com.unity.test-framework from version 1.1.31 to 1.1.33
  com.unity.timeline from version 1.6.4 to 1.6.5
  com.unity.visualeffectgraph from version 12.1.7 to 12.1.15
  com.unity.xr.interaction.toolkit from version 2.0.2 to 2.6.3
  com.unity.xr.management from version 4.2.0 to 4.5.0
  com.unity.xr.oculus from version 3.2.1 to 3.4.1
  com.unity.xr.openxr from version 1.5.3 to 1.13.0
